
#################################################################
  MASTER RAD — SKALABILNOST EKSPERIMENTI
  Okruženja: ['lunarlander']
  Algoritmi: ['ppo', 'appo', 'dqn']
  Workers:   [1, 2, 4, 8, 16]
  GIF-ovi:   da
  Evaluacija: 10 epizoda po runu (mean ± std)
  Ray:       lokalni klaster
  Monitor:   CPU/RAM CSV u output dir
#################################################################

=================================================================
  Okruženje: LunarLander-v3
  Sletanje rakete — srednja zahtevnost, bez GPU
=================================================================

>>> PPO | env_runners=1 | LunarLander-v3
Lokalni Ray klaster podignut.
  [monitor] CPU/RAM → /home/ubuntu/master-rad/results/monitor_lunarlander_ppo_appo_dqn_20260822_094655.csv  (interval 2.0s)

=================================================================
  Ray RLlib PPO
  Env:         LunarLander-v3
  EnvRunners:  1  ← paralelni procesi
  BatchSize:   16384 koraka/iter
  MiniBatch:   64  (SB3: batch_size)
  SGD itera.:  4  (SB3: n_epochs)
  NormObs:     False
  Cilj:        nagrada >= 200
  PPO params:  lr=0.0003, gamma=0.999, ent_coef=0.01, clip=0.2
  GIF-ovi:     /home/ubuntu/master-rad/results/gifs/lunarlander
=================================================================

Iter |     Reward |   Steps/s |  Iter(s) |  Total(s)
------------------------------------------------------------

  Snimam random agenta (pre treninga)...
  → nagrada=27
   0 |    -187.12 |       906 |     18.1 |        23
   1 |    -134.61 |       904 |     18.1 |        41
   2 |    -118.19 |       903 |     18.1 |        59
   3 |     -87.80 |       908 |     18.0 |        77
   4 |     -74.33 |       903 |     18.1 |        95
   5 |     -68.17 |       913 |     17.9 |       113
   6 |     -48.34 |       914 |     17.9 |       131
   7 |     -36.62 |       899 |     18.2 |       149
   8 |     -28.75 |       913 |     17.9 |       167
   9 |     -26.39 |       916 |     17.9 |       185
  10 |      -5.70 |       914 |     17.9 |       203
  11 |      -6.44 |       911 |     18.0 |       221
  12 |       0.03 |       909 |     18.0 |       239
  13 |      -1.93 |       899 |     18.2 |       257
  14 |       9.74 |       910 |     18.0 |       275
  [UPOZORENJE] MeanStdFilter nije pronađen — obs se šalju nenormalizovane.
  [Evolution] Iter 15 | nagrada≈52
  15 |      18.18 |       904 |     18.1 |       294
  16 |      21.90 |       910 |     18.0 |       312
  17 |      30.82 |       902 |     18.2 |       330
  18 |      29.00 |       915 |     17.9 |       348
  19 |      31.11 |       910 |     18.0 |       366
  20 |      33.98 |       914 |     17.9 |       384
  21 |      33.21 |       911 |     18.0 |       402
  22 |      40.66 |       911 |     18.0 |       420
  23 |      50.67 |       910 |     18.0 |       438
  24 |      45.57 |       908 |     18.0 |       456
  25 |      41.83 |       893 |     18.3 |       475
  26 |      46.21 |       904 |     18.1 |       493
  27 |      44.46 |       907 |     18.1 |       511
  28 |      46.87 |       908 |     18.0 |       529
  29 |      41.43 |       909 |     18.0 |       547
  [Evolution] Iter 30 | nagrada≈100
  30 |      39.90 |       907 |     18.1 |       566
  31 |      35.89 |       914 |     17.9 |       584
  32 |      41.88 |       897 |     18.3 |       602
  33 |      36.43 |       912 |     18.0 |       620
  34 |      47.69 |       911 |     18.0 |       638
  35 |      54.24 |       902 |     18.2 |       656
  36 |      61.42 |       906 |     18.1 |       674
  37 |      70.87 |       907 |     18.1 |       692
  38 |      75.32 |       909 |     18.0 |       710
  39 |      84.86 |       915 |     17.9 |       728
  40 |      84.83 |       910 |     18.0 |       746
  41 |      86.92 |       911 |     18.0 |       764
  42 |      85.69 |       904 |     18.1 |       782
  43 |      87.48 |       912 |     18.0 |       800
  44 |      87.20 |       912 |     18.0 |       818
  [Evolution] Iter 45 | nagrada≈57
  45 |      80.12 |       915 |     17.9 |       837
  46 |      88.90 |       910 |     18.0 |       855
  47 |      87.38 |       911 |     18.0 |       873
  48 |      82.29 |       906 |     18.1 |       891
  49 |      82.47 |       912 |     18.0 |       909
  50 |      84.53 |       911 |     18.0 |       927
  51 |      90.30 |       909 |     18.0 |       945
  52 |      88.23 |       904 |     18.1 |       963
  53 |      94.23 |       907 |     18.1 |       981
  54 |      99.94 |       890 |     18.4 |      1000
  55 |     102.98 |       909 |     18.0 |      1018
  56 |     101.01 |       912 |     18.0 |      1036
  57 |     101.67 |       913 |     17.9 |      1054
  58 |     103.88 |       911 |     18.0 |      1072
  59 |     105.60 |       905 |     18.1 |      1090
  [Evolution] Iter 60 | nagrada≈129
  60 |      96.03 |       900 |     18.2 |      1109
  61 |      89.23 |       909 |     18.0 |      1127
  62 |      83.64 |       913 |     17.9 |      1145
  63 |      82.71 |       914 |     17.9 |      1163
  64 |      70.99 |       914 |     17.9 |      1181

  Checkpoint sačuvan: /home/ubuntu/master-rad/results/checkpoints/ppo_lunarlander_w1

  Generiše GIF-ove → /home/ubuntu/master-rad/results/gifs/lunarlander
    Slučajan agent: nagrada=-313
  GIF: /home/ubuntu/master-rad/results/gifs/lunarlander/random_agent.gif  (98 frejmova, 177 KB)
    Naučen agent (Ray w=1): nagrada=74
  GIF: /home/ubuntu/master-rad/results/gifs/lunarlander/ray_w1_trained.gif  (500 frejmova, 903 KB)
  GIF: /home/ubuntu/master-rad/results/gifs/lunarlander/ray_w1_evolution.gif  (1725 frejmova, 3845 KB)

Prosečni throughput: 908 koraka/sec
Metrike: /home/ubuntu/master-rad/results/ray_rllib_LunarLander-v3_w1.json

>>> Evaluacija (10 epizoda) | ppo_w1

============================================================
  Evaluacija agenta (Policy inference, bez Ray workera)
  Checkpoint:  /home/ubuntu/master-rad/results/checkpoints/ppo_lunarlander_w1
  Env:         LunarLander-v3
  Epizode:     10
============================================================

 Epizoda |    Nagrada
----------------------
       1 |     -37.44
       2 |     147.80
       3 |     235.51
       4 |      75.62
       5 |     112.18
       6 |     -94.40
       7 |     146.49
       8 |     196.35
       9 |     -21.50
      10 |     256.06

────────────────────────────────────────
  Prosek:  101.67  ±  113.40  (std)
  Min:     -94.40
  Max:     256.06
────────────────────────────────────────

  GIF: /home/ubuntu/master-rad/results/gifs/lunarlander/ppo_w1_best.gif  (384 frejmova, 780 KB)
  Best epizoda (256) sačuvana: /home/ubuntu/master-rad/results/gifs/lunarlander/ppo_w1_best.gif
  ppo_w1: mean=101.67 ± 113.40

>>> PPO | env_runners=2 | LunarLander-v3
Lokalni Ray klaster podignut.

=================================================================
  Ray RLlib PPO
  Env:         LunarLander-v3
  EnvRunners:  2  ← paralelni procesi
  BatchSize:   16384 koraka/iter
  MiniBatch:   64  (SB3: batch_size)
  SGD itera.:  4  (SB3: n_epochs)
  NormObs:     False
  Cilj:        nagrada >= 200
  PPO params:  lr=0.0003, gamma=0.999, ent_coef=0.01, clip=0.2
  GIF-ovi:     /home/ubuntu/master-rad/results/gifs/lunarlander
=================================================================

Iter |     Reward |   Steps/s |  Iter(s) |  Total(s)
------------------------------------------------------------

  Snimam random agenta (pre treninga)...
  → nagrada=-2
   0 |    -206.67 |      1486 |     11.0 |        14
   1 |    -137.32 |      1496 |     11.0 |        25
   2 |    -110.07 |      1490 |     11.0 |        36
   3 |     -83.97 |      1494 |     11.0 |        47
   4 |     -70.38 |      1507 |     10.9 |        58
   5 |     -52.67 |      1518 |     10.8 |        69
   6 |     -38.18 |      1499 |     10.9 |        80
   7 |     -21.86 |      1515 |     10.8 |        91
   8 |     -15.19 |      1514 |     10.8 |       101
   9 |      -0.72 |      1491 |     11.0 |       112
  10 |       3.12 |      1515 |     10.8 |       123
  11 |       0.24 |      1506 |     10.9 |       134
  12 |       5.47 |      1491 |     11.0 |       145
  13 |      14.51 |      1508 |     10.9 |       156
  14 |      30.27 |      1510 |     10.8 |       167
  [UPOZORENJE] MeanStdFilter nije pronađen — obs se šalju nenormalizovane.
  [Evolution] Iter 15 | nagrada≈-193
  15 |      37.90 |      1506 |     10.9 |       179
  16 |      41.57 |      1518 |     10.8 |       189
  17 |      47.92 |      1512 |     10.8 |       200
  18 |      57.79 |      1488 |     11.0 |       211
  19 |      57.84 |      1501 |     10.9 |       222
  20 |      66.33 |      1501 |     10.9 |       233
  21 |      68.87 |      1508 |     10.9 |       244
  22 |      73.84 |      1501 |     10.9 |       255
  23 |      77.62 |      1506 |     10.9 |       266
  24 |      71.54 |      1483 |     11.0 |       277
  25 |      74.47 |      1508 |     10.9 |       288
  26 |      78.42 |      1508 |     10.9 |       298
  27 |      78.98 |      1508 |     10.9 |       309
  28 |      79.28 |      1514 |     10.8 |       320
  29 |      74.13 |      1517 |     10.8 |       331
  [Evolution] Iter 30 | nagrada≈48
  30 |      86.58 |      1515 |     10.8 |       343
  31 |      87.91 |      1483 |     11.0 |       354
  32 |      89.36 |      1505 |     10.9 |       365
  33 |      87.81 |      1509 |     10.9 |       375
  34 |      90.98 |      1514 |     10.8 |       386
  35 |      93.91 |      1515 |     10.8 |       397
  36 |      92.33 |      1494 |     11.0 |       408
  37 |      87.65 |      1515 |     10.8 |       419
  38 |      85.65 |      1516 |     10.8 |       430
  39 |      89.05 |      1509 |     10.9 |       440
  40 |      86.80 |      1513 |     10.8 |       451
  41 |      90.70 |      1504 |     10.9 |       462
  42 |      96.14 |      1492 |     11.0 |       473
  43 |     102.89 |      1492 |     11.0 |       484
  44 |     100.64 |      1516 |     10.8 |       495
  [Evolution] Iter 45 | nagrada≈72
  45 |     102.94 |      1502 |     10.9 |       507
  46 |     107.49 |      1500 |     10.9 |       518
  47 |     110.74 |      1513 |     10.8 |       528
  48 |     110.06 |      1486 |     11.0 |       540
  49 |     112.83 |      1513 |     10.8 |       550
  50 |     114.21 |      1517 |     10.8 |       561
  51 |     113.79 |      1513 |     10.8 |       572
  52 |     115.12 |      1515 |     10.8 |       583
  53 |     115.76 |      1514 |     10.8 |       594
  54 |     117.43 |      1507 |     10.9 |       604
  55 |     118.61 |      1489 |     11.0 |       615
  56 |     126.01 |      1511 |     10.8 |       626
  57 |     130.82 |      1516 |     10.8 |       637
  58 |     130.39 |      1507 |     10.9 |       648
  59 |     131.93 |      1497 |     10.9 |       659
  [Evolution] Iter 60 | nagrada≈81
  60 |     134.21 |      1490 |     11.0 |       671
  61 |     133.90 |      1511 |     10.8 |       682
  62 |     135.76 |      1508 |     10.9 |       693
  63 |     135.55 |      1509 |     10.9 |       703
  64 |     138.20 |      1504 |     10.9 |       714

  Checkpoint sačuvan: /home/ubuntu/master-rad/results/checkpoints/ppo_lunarlander_w2

  Generiše GIF-ove → /home/ubuntu/master-rad/results/gifs/lunarlander
    Naučen agent (Ray w=2): nagrada=279
  GIF: /home/ubuntu/master-rad/results/gifs/lunarlander/ray_w2_trained.gif  (401 frejmova, 815 KB)
  GIF: /home/ubuntu/master-rad/results/gifs/lunarlander/ray_w2_evolution.gif  (1740 frejmova, 3722 KB)

Prosečni throughput: 1505 koraka/sec
Metrike: /home/ubuntu/master-rad/results/ray_rllib_LunarLander-v3_w2.json

>>> Evaluacija (10 epizoda) | ppo_w2

============================================================
  Evaluacija agenta (Policy inference, bez Ray workera)
  Checkpoint:  /home/ubuntu/master-rad/results/checkpoints/ppo_lunarlander_w2
  Env:         LunarLander-v3
  Epizode:     10
============================================================

 Epizoda |    Nagrada
----------------------
       1 |     206.78
       2 |     192.56
       3 |     224.75
       4 |     263.02
       5 |     216.12
       6 |     -68.15
       7 |     233.94
       8 |     244.11
       9 |     217.77
      10 |     251.77

────────────────────────────────────────
  Prosek:  198.27  ±  91.06  (std)
  Min:     -68.15
  Max:     263.02
────────────────────────────────────────

  GIF: /home/ubuntu/master-rad/results/gifs/lunarlander/ppo_w2_best.gif  (483 frejmova, 869 KB)
  Best epizoda (263) sačuvana: /home/ubuntu/master-rad/results/gifs/lunarlander/ppo_w2_best.gif
  ppo_w2: mean=198.27 ± 91.06

>>> PPO | env_runners=4 | LunarLander-v3
Lokalni Ray klaster podignut.

=================================================================
  Ray RLlib PPO
  Env:         LunarLander-v3
  EnvRunners:  4  ← paralelni procesi
  BatchSize:   16384 koraka/iter
  MiniBatch:   64  (SB3: batch_size)
  SGD itera.:  4  (SB3: n_epochs)
  NormObs:     False
  Cilj:        nagrada >= 200
  PPO params:  lr=0.0003, gamma=0.999, ent_coef=0.01, clip=0.2
  GIF-ovi:     /home/ubuntu/master-rad/results/gifs/lunarlander
=================================================================

Iter |     Reward |   Steps/s |  Iter(s) |  Total(s)
------------------------------------------------------------

  Snimam random agenta (pre treninga)...
  → nagrada=-322
   0 |    -187.07 |      2244 |      7.3 |        11
   1 |    -147.17 |      2209 |      7.4 |        18
   2 |    -106.60 |      2263 |      7.2 |        25
   3 |     -92.16 |      2257 |      7.3 |        33
   4 |     -70.94 |      2239 |      7.3 |        40
   5 |     -55.42 |      2245 |      7.3 |        47
   6 |     -34.58 |      2198 |      7.5 |        55
   7 |     -25.17 |      2260 |      7.3 |        62
   8 |     -19.09 |      2257 |      7.3 |        69
   9 |      -3.59 |      2241 |      7.3 |        76
  10 |       4.40 |      2229 |      7.3 |        84
  11 |      10.38 |      2247 |      7.3 |        91
  12 |      19.77 |      2187 |      7.5 |        99
  13 |      22.28 |      2236 |      7.3 |       106
  14 |      25.04 |      2245 |      7.3 |       113
  [UPOZORENJE] MeanStdFilter nije pronađen — obs se šalju nenormalizovane.
  [Evolution] Iter 15 | nagrada≈44
  15 |      33.39 |      2243 |      7.3 |       121
  16 |      43.36 |      2235 |      7.3 |       129
  17 |      42.42 |      2241 |      7.3 |       136
  18 |      39.91 |      2181 |      7.5 |       144
  19 |      35.19 |      2255 |      7.3 |       151
  20 |      30.35 |      2239 |      7.3 |       158
  21 |      28.76 |      2194 |      7.5 |       166
  22 |      31.61 |      2183 |      7.5 |       173
  23 |      39.22 |      2234 |      7.3 |       180
  24 |      45.07 |      2181 |      7.5 |       188
  25 |      58.56 |      2226 |      7.4 |       195
  26 |      65.85 |      2232 |      7.3 |       203
  27 |      65.61 |      2226 |      7.4 |       210
  28 |      77.73 |      2235 |      7.3 |       217
  29 |      79.32 |      2249 |      7.3 |       225
  [Evolution] Iter 30 | nagrada≈48
  30 |      84.10 |      2180 |      7.5 |       233
  31 |      81.22 |      2235 |      7.3 |       240
  32 |      83.04 |      2252 |      7.3 |       248
  33 |      77.26 |      2243 |      7.3 |       255
  34 |      82.71 |      2246 |      7.3 |       262
  35 |      83.83 |      2248 |      7.3 |       270
  36 |      83.65 |      2197 |      7.5 |       277
  37 |      87.36 |      2249 |      7.3 |       284
  38 |      90.97 |      2232 |      7.3 |       292
  39 |      99.86 |      2235 |      7.3 |       299
  40 |      93.27 |      2237 |      7.3 |       306
  41 |      89.27 |      2238 |      7.3 |       314
  42 |      85.74 |      2181 |      7.5 |       321
  43 |      84.39 |      2232 |      7.3 |       328
  44 |      79.57 |      2236 |      7.3 |       336
  [Evolution] Iter 45 | nagrada≈38
  45 |      87.23 |      2240 |      7.3 |       344
  46 |      92.63 |      2250 |      7.3 |       351
  47 |      98.50 |      2254 |      7.3 |       359
  48 |     103.18 |      2201 |      7.4 |       366
  49 |     105.19 |      2255 |      7.3 |       373
  50 |     104.93 |      2245 |      7.3 |       381
  51 |     101.38 |      2250 |      7.3 |       388
  52 |      95.31 |      2249 |      7.3 |       395
  53 |      91.74 |      2251 |      7.3 |       402
  54 |      91.69 |      2258 |      7.3 |       410
  55 |      88.06 |      2203 |      7.4 |       417
  56 |      91.19 |      2244 |      7.3 |       424
  57 |      94.12 |      2243 |      7.3 |       432
  58 |      99.95 |      2260 |      7.2 |       439
  59 |     103.52 |      2239 |      7.3 |       446
  [Evolution] Iter 60 | nagrada≈54
  60 |     104.52 |      2201 |      7.4 |       455
  61 |     115.17 |      2242 |      7.3 |       462
  62 |     114.94 |      2240 |      7.3 |       469
  63 |     116.21 |      2234 |      7.3 |       477
  64 |     114.72 |      2235 |      7.3 |       484

  Checkpoint sačuvan: /home/ubuntu/master-rad/results/checkpoints/ppo_lunarlander_w4

  Generiše GIF-ove → /home/ubuntu/master-rad/results/gifs/lunarlander
    Naučen agent (Ray w=4): nagrada=71
  GIF: /home/ubuntu/master-rad/results/gifs/lunarlander/ray_w4_trained.gif  (500 frejmova, 973 KB)
  GIF: /home/ubuntu/master-rad/results/gifs/lunarlander/ray_w4_evolution.gif  (1734 frejmova, 4011 KB)

Prosečni throughput: 2233 koraka/sec
Metrike: /home/ubuntu/master-rad/results/ray_rllib_LunarLander-v3_w4.json

>>> Evaluacija (10 epizoda) | ppo_w4

============================================================
  Evaluacija agenta (Policy inference, bez Ray workera)
  Checkpoint:  /home/ubuntu/master-rad/results/checkpoints/ppo_lunarlander_w4
  Env:         LunarLander-v3
  Epizode:     10
============================================================

 Epizoda |    Nagrada
----------------------
       1 |      78.81
       2 |      87.71
       3 |     119.61
       4 |     234.32
       5 |     105.77
       6 |     122.84
       7 |     115.21
       8 |      96.74
       9 |      81.66
      10 |     234.24

────────────────────────────────────────
  Prosek:  127.69  ±  55.24  (std)
  Min:     78.81
  Max:     234.32
────────────────────────────────────────

  GIF: /home/ubuntu/master-rad/results/gifs/lunarlander/ppo_w4_best.gif  (446 frejmova, 878 KB)
  Best epizoda (234) sačuvana: /home/ubuntu/master-rad/results/gifs/lunarlander/ppo_w4_best.gif
  ppo_w4: mean=127.69 ± 55.24

>>> PPO | env_runners=8 | LunarLander-v3
Lokalni Ray klaster podignut.

=================================================================
  Ray RLlib PPO
  Env:         LunarLander-v3
  EnvRunners:  8  ← paralelni procesi
  BatchSize:   16384 koraka/iter
  MiniBatch:   64  (SB3: batch_size)
  SGD itera.:  4  (SB3: n_epochs)
  NormObs:     False
  Cilj:        nagrada >= 200
  PPO params:  lr=0.0003, gamma=0.999, ent_coef=0.01, clip=0.2
  GIF-ovi:     /home/ubuntu/master-rad/results/gifs/lunarlander
=================================================================

Iter |     Reward |   Steps/s |  Iter(s) |  Total(s)
------------------------------------------------------------

  Snimam random agenta (pre treninga)...
  → nagrada=-15
   0 |    -186.76 |      2892 |      5.7 |         9
   1 |    -128.60 |      2968 |      5.5 |        15
   2 |    -104.05 |      2962 |      5.5 |        20
   3 |     -87.34 |      2960 |      5.5 |        26
   4 |     -72.55 |      2959 |      5.5 |        32
   5 |     -57.06 |      2963 |      5.5 |        37
   6 |     -40.05 |      2886 |      5.7 |        43
   7 |     -18.43 |      2946 |      5.6 |        48
   8 |     -12.99 |      2966 |      5.5 |        54
   9 |      -3.41 |      2970 |      5.5 |        59
  10 |       8.04 |      2955 |      5.5 |        65
  11 |      11.01 |      2971 |      5.5 |        70
  12 |      19.49 |      2893 |      5.7 |        76
  13 |      30.65 |      2970 |      5.5 |        82
  14 |      41.09 |      2960 |      5.5 |        87
  [UPOZORENJE] MeanStdFilter nije pronađen — obs se šalju nenormalizovane.
  [Evolution] Iter 15 | nagrada≈88
  15 |      53.93 |      2971 |      5.5 |        94
  16 |      59.62 |      2963 |      5.5 |        99
  17 |      65.66 |      2958 |      5.5 |       105
  18 |      73.69 |      2872 |      5.7 |       110
  19 |      74.37 |      2967 |      5.5 |       116
  20 |      75.05 |      2961 |      5.5 |       121
  21 |      73.18 |      2962 |      5.5 |       127
  22 |      73.89 |      2975 |      5.5 |       132
  23 |      80.98 |      2967 |      5.5 |       138
  24 |      80.93 |      2890 |      5.7 |       144
  25 |      89.72 |      2971 |      5.5 |       149
  26 |      87.91 |      2979 |      5.5 |       155
  27 |      88.06 |      2962 |      5.5 |       160
  28 |      93.95 |      2983 |      5.5 |       166
  29 |      88.99 |      2954 |      5.5 |       171
  [Evolution] Iter 30 | nagrada≈59
  30 |      92.95 |      2892 |      5.7 |       178
  31 |      96.25 |      2972 |      5.5 |       183
  32 |      99.68 |      2970 |      5.5 |       189
  33 |      97.29 |      2968 |      5.5 |       194
  34 |      99.48 |      2979 |      5.5 |       200
  35 |      96.56 |      2969 |      5.5 |       205
  36 |      97.69 |      2963 |      5.5 |       211
  37 |      89.36 |      2890 |      5.7 |       216
  38 |      87.47 |      2961 |      5.5 |       222
  39 |      89.01 |      2980 |      5.5 |       228
  40 |      87.93 |      2981 |      5.5 |       233
  41 |      83.42 |      2975 |      5.5 |       239
  42 |      90.85 |      2879 |      5.7 |       244
  43 |      86.05 |      2969 |      5.5 |       250
  44 |      93.55 |      2976 |      5.5 |       255
  [Evolution] Iter 45 | nagrada≈97
  45 |      99.42 |      2972 |      5.5 |       262
  46 |     103.29 |      2977 |      5.5 |       267
  47 |     104.88 |      2887 |      5.7 |       273
  48 |     108.47 |      2813 |      5.8 |       279
  49 |     110.33 |      2971 |      5.5 |       284
  50 |     110.61 |      2973 |      5.5 |       290
  51 |     111.70 |      2983 |      5.5 |       295
  52 |     105.01 |      2985 |      5.5 |       301
  53 |     105.59 |      2967 |      5.5 |       306
  54 |     105.51 |      2968 |      5.5 |       312
  55 |     106.32 |      2898 |      5.7 |       317
  56 |     104.57 |      2952 |      5.6 |       323
  57 |     103.18 |      2957 |      5.5 |       328
  58 |     108.23 |      2980 |      5.5 |       334
  59 |     107.32 |      2968 |      5.5 |       339
  [Evolution] Iter 60 | nagrada≈35
  60 |     107.61 |      2893 |      5.7 |       346
  61 |     104.63 |      2976 |      5.5 |       351
  62 |     101.04 |      2977 |      5.5 |       357
  63 |      95.61 |      2981 |      5.5 |       362
  64 |      95.22 |      2984 |      5.5 |       368

  Checkpoint sačuvan: /home/ubuntu/master-rad/results/checkpoints/ppo_lunarlander_w8

  Generiše GIF-ove → /home/ubuntu/master-rad/results/gifs/lunarlander
    Naučen agent (Ray w=8): nagrada=114
  GIF: /home/ubuntu/master-rad/results/gifs/lunarlander/ray_w8_trained.gif  (500 frejmova, 1088 KB)
  GIF: /home/ubuntu/master-rad/results/gifs/lunarlander/ray_w8_evolution.gif  (1745 frejmova, 3845 KB)

Prosečni throughput: 2953 koraka/sec
Metrike: /home/ubuntu/master-rad/results/ray_rllib_LunarLander-v3_w8.json

>>> Evaluacija (10 epizoda) | ppo_w8

============================================================
  Evaluacija agenta (Policy inference, bez Ray workera)
  Checkpoint:  /home/ubuntu/master-rad/results/checkpoints/ppo_lunarlander_w8
  Env:         LunarLander-v3
  Epizode:     10
============================================================

 Epizoda |    Nagrada
----------------------
       1 |      25.49
       2 |      54.18
       3 |      19.77
       4 |      56.57
       5 |      80.22
       6 |      20.99
       7 |      19.00
       8 |     124.58
       9 |      15.94
      10 |     122.30

────────────────────────────────────────
  Prosek:  53.90  ±  40.11  (std)
  Min:     15.94
  Max:     124.58
────────────────────────────────────────

  GIF: /home/ubuntu/master-rad/results/gifs/lunarlander/ppo_w8_best.gif  (500 frejmova, 1054 KB)
  Best epizoda (125) sačuvana: /home/ubuntu/master-rad/results/gifs/lunarlander/ppo_w8_best.gif
  ppo_w8: mean=53.91 ± 40.11

>>> PPO | env_runners=16 | LunarLander-v3
Lokalni Ray klaster podignut.

=================================================================
  Ray RLlib PPO
  Env:         LunarLander-v3
  EnvRunners:  16  ← paralelni procesi
  BatchSize:   16384 koraka/iter
  MiniBatch:   64  (SB3: batch_size)
  SGD itera.:  4  (SB3: n_epochs)
  NormObs:     False
  Cilj:        nagrada >= 200
  PPO params:  lr=0.0003, gamma=0.999, ent_coef=0.01, clip=0.2
  GIF-ovi:     /home/ubuntu/master-rad/results/gifs/lunarlander
=================================================================

Iter |     Reward |   Steps/s |  Iter(s) |  Total(s)
------------------------------------------------------------

  Snimam random agenta (pre treninga)...
  → nagrada=-319
   0 |    -173.62 |      2970 |      5.5 |        11
   1 |    -144.27 |      3082 |      5.3 |        17
   2 |    -116.39 |      3066 |      5.3 |        22
   3 |     -95.32 |      3057 |      5.4 |        27
   4 |     -79.87 |      3077 |      5.3 |        33
   5 |     -66.76 |      3075 |      5.3 |        38
   6 |     -52.69 |      2997 |      5.5 |        43
   7 |     -38.33 |      3044 |      5.4 |        49
   8 |     -23.11 |      3068 |      5.3 |        54
   9 |     -20.10 |      3075 |      5.3 |        59
  10 |      -9.40 |      3075 |      5.3 |        65
  11 |       1.21 |      3068 |      5.3 |        70
  12 |       6.17 |      2986 |      5.5 |        76
  13 |       8.96 |      3063 |      5.3 |        81
  14 |      19.00 |      3054 |      5.4 |        86
  [UPOZORENJE] MeanStdFilter nije pronađen — obs se šalju nenormalizovane.
  [Evolution] Iter 15 | nagrada≈94
  15 |      30.53 |      3049 |      5.4 |        93
  16 |      38.09 |      3065 |      5.3 |        98
  17 |      42.78 |      3053 |      5.4 |       103
  18 |      53.90 |      2971 |      5.5 |       109
  19 |      66.31 |      3075 |      5.3 |       114
  20 |      71.83 |      3065 |      5.3 |       119
  21 |      77.96 |      3064 |      5.3 |       125
  22 |      83.68 |      3067 |      5.3 |       130
  23 |      83.47 |      3078 |      5.3 |       135
  24 |      80.08 |      2976 |      5.5 |       141
  25 |      79.71 |      3060 |      5.4 |       146
  26 |      76.62 |      3030 |      5.4 |       152
  27 |      73.61 |      3074 |      5.3 |       157
  28 |      80.52 |      3045 |      5.4 |       162
  29 |      85.10 |      3075 |      5.3 |       168
  [Evolution] Iter 30 | nagrada≈76
  30 |      87.99 |      2984 |      5.5 |       174
  31 |      88.15 |      3048 |      5.4 |       179
  32 |      91.96 |      3062 |      5.4 |       185
  33 |      97.32 |      3073 |      5.3 |       190
  34 |      93.95 |      3062 |      5.4 |       196
  35 |      88.69 |      3047 |      5.4 |       201
  36 |      86.18 |      2974 |      5.5 |       206
  37 |      83.99 |      3068 |      5.3 |       212
  38 |      83.98 |      3059 |      5.4 |       217
  39 |      87.51 |      3035 |      5.4 |       223
  40 |      82.88 |      3074 |      5.3 |       228
  41 |      88.96 |      3072 |      5.3 |       233
  42 |      87.36 |      2988 |      5.5 |       239
  43 |      89.06 |      3086 |      5.3 |       244
  44 |      91.47 |      3093 |      5.3 |       249
  [Evolution] Iter 45 | nagrada≈118
  45 |      93.49 |      3053 |      5.4 |       255
  46 |      99.89 |      3059 |      5.4 |       261
  47 |     103.67 |      3077 |      5.3 |       266
  48 |     111.78 |      2973 |      5.5 |       272
  49 |     117.61 |      3082 |      5.3 |       277
  50 |     118.68 |      3060 |      5.4 |       282
  51 |     113.27 |      3077 |      5.3 |       288
  52 |     112.29 |      3064 |      5.3 |       293
  53 |     108.19 |      3064 |      5.3 |       298
  54 |     105.53 |      2996 |      5.5 |       304
  55 |     108.08 |      3076 |      5.3 |       309
  56 |     112.13 |      3067 |      5.3 |       315
  57 |     114.72 |      3045 |      5.4 |       320
  58 |     114.11 |      3070 |      5.3 |       325
  59 |     119.17 |      3084 |      5.3 |       331
  [Evolution] Iter 60 | nagrada≈83
  60 |     119.96 |      2950 |      5.6 |       337
  61 |     119.63 |      3071 |      5.3 |       342
  62 |     121.77 |      3069 |      5.3 |       348
  63 |     122.76 |      3054 |      5.4 |       353
  64 |     127.23 |      3053 |      5.4 |       358

  Checkpoint sačuvan: /home/ubuntu/master-rad/results/checkpoints/ppo_lunarlander_w16

  Generiše GIF-ove → /home/ubuntu/master-rad/results/gifs/lunarlander
    Naučen agent (Ray w=16): nagrada=256
  GIF: /home/ubuntu/master-rad/results/gifs/lunarlander/ray_w16_trained.gif  (402 frejmova, 758 KB)
  GIF: /home/ubuntu/master-rad/results/gifs/lunarlander/ray_w16_evolution.gif  (1727 frejmova, 3849 KB)

Prosečni throughput: 3050 koraka/sec
Metrike: /home/ubuntu/master-rad/results/ray_rllib_LunarLander-v3_w16.json

>>> Evaluacija (10 epizoda) | ppo_w16

============================================================
  Evaluacija agenta (Policy inference, bez Ray workera)
  Checkpoint:  /home/ubuntu/master-rad/results/checkpoints/ppo_lunarlander_w16
  Env:         LunarLander-v3
  Epizode:     10
============================================================

 Epizoda |    Nagrada
----------------------
       1 |     231.15
       2 |     143.35
       3 |     253.73
       4 |     246.52
       5 |     227.48
       6 |     250.63
       7 |     245.48
       8 |     265.55
       9 |     228.56
      10 |     278.15

────────────────────────────────────────
  Prosek:  237.06  ±  34.79  (std)
  Min:     143.35
  Max:     278.15
────────────────────────────────────────

  GIF: /home/ubuntu/master-rad/results/gifs/lunarlander/ppo_w16_best.gif  (367 frejmova, 747 KB)
  Best epizoda (278) sačuvana: /home/ubuntu/master-rad/results/gifs/lunarlander/ppo_w16_best.gif
  ppo_w16: mean=237.06 ± 34.79

>>> APPO | env_runners=1 | LunarLander-v3
Lokalni Ray klaster podignut.

=================================================================
  Ray RLlib APPO  (async PPO)
  Env:              LunarLander-v3
  EnvRunners:       1  ← asinhroni procesi
  BatchSize:        16384 koraka/iter
  RolloutFragment:  200 koraka/worker/slanje
  Cilj:             nagrada >= 200
  NormObs:          False
  lr:               0.0005
  num_sgd_iter:     1  ← SGD prolaza/batchu
  clip_param:       0.4  ← PPO clipping
  vtrace:           True  ← RLlib APPO zahteva V-trace
  entropy_coeff:    0.01
  gae_lambda:       0.98
  grad_clip:        40
  min_sample/iter:  16384 koraka
  Ukupno koraka:    ~1065k (65 itera)
  GIF-ovi:          /home/ubuntu/master-rad/results/gifs/lunarlander
=================================================================

Iter |     Reward |   Steps/s |  Iter(s) |  Total(s)
------------------------------------------------------------

  Snimam random agenta (pre treninga)...
  → nagrada=-84
   0 |    -196.89 |      1207 |     13.6 |        17
   1 |    -172.73 |      1198 |     13.7 |        30
   2 |    -159.39 |      1195 |     13.7 |        44
   3 |    -174.65 |      1194 |     13.7 |        58
   4 |    -153.65 |      1194 |     13.7 |        72
   5 |    -148.64 |      1194 |     13.7 |        85
   6 |    -146.20 |      1192 |     13.8 |        99
   7 |    -147.55 |      1180 |     13.9 |       113
   8 |    -153.21 |      1177 |     13.9 |       127
   9 |    -143.23 |      1172 |     14.0 |       141
  10 |    -134.55 |      1152 |     14.2 |       155
  11 |    -128.33 |      1162 |     14.1 |       169
  12 |    -144.53 |      1157 |     14.2 |       183
  13 |    -137.97 |      1166 |     14.1 |       198
  14 |    -142.30 |      1158 |     14.2 |       212
  [UPOZORENJE] MeanStdFilter nije pronađen — obs se šalju nenormalizovane.
  [Evolution] Iter 15 | nagrada≈-105
  15 |    -141.64 |      1161 |     14.1 |       227
  16 |    -142.69 |      1160 |     14.1 |       241
  17 |    -144.13 |      1159 |     14.1 |       255
  18 |    -138.54 |      1164 |     14.1 |       269
  19 |    -141.38 |      1170 |     14.0 |       283
  20 |    -142.82 |      1159 |     14.2 |       298
  21 |    -147.59 |      1160 |     14.1 |       312
  22 |    -154.53 |      1163 |     14.1 |       326
  23 |    -149.02 |      1159 |     14.1 |       340
  24 |    -157.22 |      1157 |     14.2 |       354
  25 |    -182.48 |      1158 |     14.2 |       368
  26 |    -173.54 |      1156 |     14.2 |       382
  27 |    -183.82 |      1168 |     14.0 |       396
  28 |    -186.75 |      1175 |     14.0 |       410
  29 |    -177.06 |      1176 |     13.9 |       424
  [Evolution] Iter 30 | nagrada≈-628
  30 |    -205.27 |      1173 |     14.0 |       440
  31 |    -209.64 |      1181 |     13.9 |       453
  32 |    -216.35 |      1167 |     14.1 |       467
  33 |    -228.03 |      1176 |     13.9 |       481
  34 |    -225.39 |      1174 |     14.0 |       495
  35 |    -239.88 |      1172 |     14.0 |       509
  36 |    -220.82 |      1168 |     14.0 |       523
  37 |    -207.88 |      1167 |     14.0 |       537
  38 |    -230.33 |      1166 |     14.1 |       552
  39 |    -203.80 |      1169 |     14.0 |       566
  40 |    -183.13 |      1169 |     14.0 |       580
  41 |    -197.43 |      1162 |     14.1 |       594
  42 |    -200.17 |      1165 |     14.1 |       608
  43 |    -171.08 |      1165 |     14.1 |       622
  44 |    -181.81 |      1162 |     14.1 |       636
  [Evolution] Iter 45 | nagrada≈-156
  45 |    -167.74 |      1173 |     14.0 |       651
  46 |    -163.80 |      1162 |     14.1 |       665
  47 |    -167.17 |      1174 |     14.0 |       679
  48 |    -157.79 |      1162 |     14.1 |       693
  49 |    -152.91 |      1160 |     14.1 |       707
  50 |    -153.96 |      1165 |     14.1 |       722
  51 |    -166.97 |      1172 |     14.0 |       736
  52 |    -144.41 |      1163 |     14.1 |       750
  53 |    -141.22 |      1180 |     13.9 |       764
  54 |    -158.10 |      1180 |     13.9 |       777
  55 |    -151.76 |      1169 |     14.0 |       791
  56 |    -148.87 |      1183 |     13.9 |       805
  57 |    -143.97 |      1180 |     13.9 |       819
  58 |    -145.25 |      1184 |     13.8 |       833
  59 |    -152.05 |      1180 |     13.9 |       847
  [Evolution] Iter 60 | nagrada≈-132
  60 |    -146.82 |      1171 |     14.0 |       862
  61 |    -141.83 |      1182 |     13.9 |       876
  62 |    -135.71 |      1182 |     13.9 |       890
  63 |    -130.69 |      1182 |     13.9 |       904
  64 |    -130.85 |      1179 |     13.9 |       918

  Checkpoint sačuvan: /home/ubuntu/master-rad/results/checkpoints/appo_lunarlander_w1

  Generiše GIF-ove → /home/ubuntu/master-rad/results/gifs/lunarlander
    Naučen agent (APPO w=1): nagrada=-122
  GIF: /home/ubuntu/master-rad/results/gifs/lunarlander/appo_w1_trained.gif  (80 frejmova, 158 KB)
  GIF: /home/ubuntu/master-rad/results/gifs/lunarlander/appo_w1_evolution.gif  (490 frejmova, 802 KB)

Prosečni throughput: 1172 koraka/sec
Metrike: /home/ubuntu/master-rad/results/appo_LunarLander-v3_w1.json

>>> Evaluacija (10 epizoda) | appo_w1

============================================================
  Evaluacija agenta (Policy inference, bez Ray workera)
  Checkpoint:  /home/ubuntu/master-rad/results/checkpoints/appo_lunarlander_w1
  Env:         LunarLander-v3
  Epizode:     10
============================================================

 Epizoda |    Nagrada
----------------------
       1 |    -156.19
       2 |     -17.94
       3 |    -115.48
       4 |    -123.28
       5 |    -125.38
       6 |    -154.52
       7 |    -151.09
       8 |    -117.49
       9 |    -136.28
      10 |     -96.38

────────────────────────────────────────
  Prosek:  -119.40  ±  38.43  (std)
  Min:     -156.19
  Max:     -17.94
────────────────────────────────────────

  GIF: /home/ubuntu/master-rad/results/gifs/lunarlander/appo_w1_best.gif  (89 frejmova, 157 KB)
  Best epizoda (-18) sačuvana: /home/ubuntu/master-rad/results/gifs/lunarlander/appo_w1_best.gif
  appo_w1: mean=-119.40 ± 38.43

>>> APPO | env_runners=2 | LunarLander-v3
Lokalni Ray klaster podignut.

=================================================================
  Ray RLlib APPO  (async PPO)
  Env:              LunarLander-v3
  EnvRunners:       2  ← asinhroni procesi
  BatchSize:        16384 koraka/iter
  RolloutFragment:  200 koraka/worker/slanje
  Cilj:             nagrada >= 200
  NormObs:          False
  lr:               0.0005
  num_sgd_iter:     1  ← SGD prolaza/batchu
  clip_param:       0.4  ← PPO clipping
  vtrace:           True  ← RLlib APPO zahteva V-trace
  entropy_coeff:    0.01
  gae_lambda:       0.98
  grad_clip:        40
  min_sample/iter:  16384 koraka
  Ukupno koraka:    ~1065k (65 itera)
  GIF-ovi:          /home/ubuntu/master-rad/results/gifs/lunarlander
=================================================================

Iter |     Reward |   Steps/s |  Iter(s) |  Total(s)
------------------------------------------------------------

  Snimam random agenta (pre treninga)...
  → nagrada=-383
   0 |    -177.90 |      2368 |      6.9 |        10
   1 |    -172.60 |      2389 |      6.9 |        17
   2 |    -180.01 |      2382 |      6.9 |        24
   3 |    -178.49 |      2376 |      6.9 |        31
   4 |    -150.94 |      2376 |      6.9 |        38
   5 |    -154.17 |      2367 |      6.9 |        45
   6 |    -157.99 |      2380 |      6.9 |        52
   7 |    -165.36 |      2373 |      6.9 |        58
   8 |    -149.75 |      2387 |      6.9 |        65
   9 |    -147.62 |      2376 |      6.9 |        72
  10 |    -146.14 |      2370 |      6.9 |        79
  11 |    -161.54 |      2385 |      6.9 |        86
  12 |    -146.12 |      2383 |      6.9 |        93
  13 |    -144.20 |      2378 |      6.9 |       100
  14 |    -150.51 |      2384 |      6.9 |       107
  [UPOZORENJE] MeanStdFilter nije pronađen — obs se šalju nenormalizovane.
  [Evolution] Iter 15 | nagrada≈-121
  15 |    -156.63 |      2342 |      7.0 |       115
  16 |    -148.36 |      2387 |      6.9 |       122
  17 |    -152.96 |      2377 |      6.9 |       129
  18 |    -150.93 |      2377 |      6.9 |       135
  19 |    -156.57 |      2371 |      6.9 |       142
  20 |    -138.88 |      2375 |      6.9 |       149
  21 |    -142.93 |      2373 |      6.9 |       156
  22 |    -169.59 |      2381 |      6.9 |       163
  23 |    -153.50 |      2378 |      6.9 |       170
  24 |    -167.30 |      2367 |      6.9 |       177
  25 |    -147.41 |      2381 |      6.9 |       184
  26 |    -165.05 |      2377 |      6.9 |       191
  27 |    -172.51 |      2380 |      6.9 |       198
  28 |    -175.94 |      2371 |      6.9 |       205
  29 |    -172.46 |      2376 |      6.9 |       211
  [Evolution] Iter 30 | nagrada≈-843
  30 |    -172.30 |      2383 |      6.9 |       220
  31 |    -191.99 |      2372 |      6.9 |       227
  32 |    -177.16 |      2386 |      6.9 |       234
  33 |    -173.96 |      2385 |      6.9 |       241
  34 |    -175.79 |      2331 |      7.0 |       248
  35 |    -185.44 |      2387 |      6.9 |       255
  36 |    -173.19 |      2383 |      6.9 |       262
  37 |    -183.29 |      2379 |      6.9 |       268
  38 |    -182.13 |      2387 |      6.9 |       275
  39 |    -184.31 |      2379 |      6.9 |       282
  40 |    -170.20 |      2374 |      6.9 |       289
  41 |    -174.25 |      2381 |      6.9 |       296
  42 |    -184.83 |      2374 |      6.9 |       303
  43 |    -185.75 |      2325 |      7.1 |       310
  44 |    -183.88 |      2373 |      6.9 |       317
  [Evolution] Iter 45 | nagrada≈-335
  45 |    -176.84 |      2370 |      6.9 |       325
  46 |    -175.21 |      2367 |      6.9 |       332
  47 |    -176.81 |      2368 |      6.9 |       339
  48 |    -164.29 |      2371 |      6.9 |       346
  49 |    -173.76 |      2379 |      6.9 |       353
  50 |    -183.02 |      2379 |      6.9 |       359
  51 |    -175.04 |      2369 |      6.9 |       366
  52 |    -170.54 |      2370 |      6.9 |       373
  53 |    -166.86 |      2327 |      7.0 |       380
  54 |    -166.08 |      2371 |      6.9 |       387
  55 |    -161.77 |      2373 |      6.9 |       394
  56 |    -167.06 |      2375 |      6.9 |       401
  57 |    -166.49 |      2377 |      6.9 |       408
  58 |    -168.48 |      2368 |      6.9 |       415
  59 |    -167.41 |      2346 |      7.0 |       422
  [Evolution] Iter 60 | nagrada≈-95
  60 |    -160.87 |      2370 |      6.9 |       430
  61 |    -163.61 |      2352 |      7.0 |       437
  62 |    -157.10 |      2353 |      7.0 |       444
  63 |    -161.99 |      2346 |      7.0 |       451
  64 |    -153.72 |      2355 |      7.0 |       458

  Checkpoint sačuvan: /home/ubuntu/master-rad/results/checkpoints/appo_lunarlander_w2

  Generiše GIF-ove → /home/ubuntu/master-rad/results/gifs/lunarlander
    Naučen agent (APPO w=2): nagrada=-136
  GIF: /home/ubuntu/master-rad/results/gifs/lunarlander/appo_w2_trained.gif  (74 frejmova, 154 KB)
  GIF: /home/ubuntu/master-rad/results/gifs/lunarlander/appo_w2_evolution.gif  (696 frejmova, 971 KB)

Prosečni throughput: 2372 koraka/sec
Metrike: /home/ubuntu/master-rad/results/appo_LunarLander-v3_w2.json

>>> Evaluacija (10 epizoda) | appo_w2

============================================================
  Evaluacija agenta (Policy inference, bez Ray workera)
  Checkpoint:  /home/ubuntu/master-rad/results/checkpoints/appo_lunarlander_w2
  Env:         LunarLander-v3
  Epizode:     10
============================================================

 Epizoda |    Nagrada
----------------------
       1 |    -130.15
       2 |    -177.94
       3 |    -124.64
       4 |    -190.45
       5 |    -193.28
       6 |    -104.07
       7 |    -142.10
       8 |    -157.13
       9 |    -134.79
      10 |    -135.78

────────────────────────────────────────
  Prosek:  -149.03  ±  28.24  (std)
  Min:     -193.28
  Max:     -104.07
────────────────────────────────────────

  GIF: /home/ubuntu/master-rad/results/gifs/lunarlander/appo_w2_best.gif  (54 frejmova, 108 KB)
  Best epizoda (-104) sačuvana: /home/ubuntu/master-rad/results/gifs/lunarlander/appo_w2_best.gif
  appo_w2: mean=-149.03 ± 28.24

>>> APPO | env_runners=4 | LunarLander-v3
Lokalni Ray klaster podignut.

=================================================================
  Ray RLlib APPO  (async PPO)
  Env:              LunarLander-v3
  EnvRunners:       4  ← asinhroni procesi
  BatchSize:        16384 koraka/iter
  RolloutFragment:  200 koraka/worker/slanje
  Cilj:             nagrada >= 200
  NormObs:          False
  lr:               0.0005
  num_sgd_iter:     1  ← SGD prolaza/batchu
  clip_param:       0.4  ← PPO clipping
  vtrace:           True  ← RLlib APPO zahteva V-trace
  entropy_coeff:    0.01
  gae_lambda:       0.98
  grad_clip:        40
  min_sample/iter:  16384 koraka
  Ukupno koraka:    ~1065k (65 itera)
  GIF-ovi:          /home/ubuntu/master-rad/results/gifs/lunarlander
=================================================================

Iter |     Reward |   Steps/s |  Iter(s) |  Total(s)
------------------------------------------------------------

  Snimam random agenta (pre treninga)...
  → nagrada=-121
   0 |    -174.53 |      4515 |      3.6 |         7
   1 |    -173.94 |      4621 |      3.5 |        11
   2 |    -167.51 |      4661 |      3.5 |        14
   3 |    -169.65 |      4651 |      3.5 |        18
   4 |    -176.90 |      4645 |      3.5 |        21
   5 |    -159.33 |      4639 |      3.5 |        25
   6 |    -160.14 |      4647 |      3.5 |        28
   7 |    -150.12 |      4644 |      3.5 |        32
   8 |    -147.00 |      4643 |      3.5 |        35
   9 |    -149.63 |      4643 |      3.5 |        39
  10 |    -153.76 |      4630 |      3.5 |        42
  11 |    -147.86 |      4678 |      3.5 |        46
  12 |    -143.91 |      4683 |      3.5 |        49
  13 |    -152.19 |      4668 |      3.5 |        53
  14 |    -153.78 |      4674 |      3.5 |        56
  [UPOZORENJE] MeanStdFilter nije pronađen — obs se šalju nenormalizovane.
  [Evolution] Iter 15 | nagrada≈-223
  15 |    -150.34 |      4705 |      3.5 |        61
  16 |    -148.84 |      4684 |      3.5 |        65
  17 |    -152.14 |      4661 |      3.5 |        68
  18 |    -153.47 |      4668 |      3.5 |        72
  19 |    -151.21 |      4664 |      3.5 |        75
  20 |    -152.89 |      4672 |      3.5 |        79
  21 |    -147.85 |      4673 |      3.5 |        82
  22 |    -154.89 |      4674 |      3.5 |        86
  23 |    -158.12 |      4512 |      3.6 |        89
  24 |    -156.18 |      4670 |      3.5 |        93
  25 |    -166.78 |      4697 |      3.5 |        96
  26 |    -165.22 |      4558 |      3.6 |       100
  27 |    -168.94 |      4608 |      3.6 |       103
  28 |    -182.00 |      4564 |      3.6 |       107
  29 |    -199.05 |      4551 |      3.6 |       111
  [Evolution] Iter 30 | nagrada≈-552
  30 |    -186.02 |      4387 |      3.7 |       115
  31 |    -209.42 |      4546 |      3.6 |       119
  32 |    -237.64 |      4529 |      3.6 |       123
  33 |    -223.47 |      4582 |      3.6 |       126
  34 |    -220.46 |      4569 |      3.6 |       130
  35 |    -219.11 |      4560 |      3.6 |       133
  36 |    -216.49 |      4525 |      3.6 |       137
  37 |    -203.94 |      4534 |      3.6 |       141
  38 |    -189.70 |      4567 |      3.6 |       144
  39 |    -196.92 |      4555 |      3.6 |       148
  40 |    -186.58 |      4510 |      3.6 |       151
  41 |    -181.97 |      4496 |      3.6 |       155
  42 |    -178.59 |      4534 |      3.6 |       159
  43 |    -173.36 |      4508 |      3.6 |       162
  44 |    -175.88 |      4533 |      3.6 |       166
  [Evolution] Iter 45 | nagrada≈-160
  45 |    -157.07 |      4533 |      3.6 |       171
  46 |    -158.63 |      4518 |      3.6 |       174
  47 |    -153.39 |      4501 |      3.6 |       178
  48 |    -147.61 |      4507 |      3.6 |       182
  49 |    -148.46 |      4487 |      3.7 |       185
  50 |    -149.50 |      4467 |      3.7 |       189
  51 |    -136.78 |      4485 |      3.7 |       193
  52 |    -142.57 |      4495 |      3.6 |       196
  53 |    -144.52 |      4504 |      3.6 |       200
  54 |    -136.05 |      4483 |      3.7 |       203
  55 |    -137.04 |      4455 |      3.7 |       207
  56 |    -135.75 |      4415 |      3.7 |       211
  57 |    -137.41 |      4480 |      3.7 |       215
  58 |    -139.88 |      4484 |      3.7 |       218
  59 |    -134.58 |      4482 |      3.7 |       222
  [Evolution] Iter 60 | nagrada≈-88
  60 |    -137.92 |      4547 |      3.6 |       227
  61 |    -137.61 |      4469 |      3.7 |       230
  62 |    -128.74 |      4511 |      3.6 |       234
  63 |    -135.81 |      4467 |      3.7 |       238
  64 |    -131.98 |      4477 |      3.7 |       241

  Checkpoint sačuvan: /home/ubuntu/master-rad/results/checkpoints/appo_lunarlander_w4

  Generiše GIF-ove → /home/ubuntu/master-rad/results/gifs/lunarlander
    Naučen agent (APPO w=4): nagrada=-138
  GIF: /home/ubuntu/master-rad/results/gifs/lunarlander/appo_w4_trained.gif  (71 frejmova, 143 KB)
  GIF: /home/ubuntu/master-rad/results/gifs/lunarlander/appo_w4_evolution.gif  (504 frejmova, 922 KB)

Prosečni throughput: 4568 koraka/sec
Metrike: /home/ubuntu/master-rad/results/appo_LunarLander-v3_w4.json

>>> Evaluacija (10 epizoda) | appo_w4

============================================================
  Evaluacija agenta (Policy inference, bez Ray workera)
  Checkpoint:  /home/ubuntu/master-rad/results/checkpoints/appo_lunarlander_w4
  Env:         LunarLander-v3
  Epizode:     10
============================================================

 Epizoda |    Nagrada
----------------------
       1 |    -137.62
       2 |    -140.79
       3 |    -134.96
       4 |    -135.35
       5 |    -104.07
       6 |    -145.82
       7 |    -124.65
       8 |    -120.23
       9 |    -133.97
      10 |    -133.79

────────────────────────────────────────
  Prosek:  -131.13  ±  11.37  (std)
  Min:     -145.82
  Max:     -104.07
────────────────────────────────────────

  GIF: /home/ubuntu/master-rad/results/gifs/lunarlander/appo_w4_best.gif  (53 frejmova, 111 KB)
  Best epizoda (-104) sačuvana: /home/ubuntu/master-rad/results/gifs/lunarlander/appo_w4_best.gif
  appo_w4: mean=-131.13 ± 11.37

>>> APPO | env_runners=8 | LunarLander-v3
Lokalni Ray klaster podignut.

=================================================================
  Ray RLlib APPO  (async PPO)
  Env:              LunarLander-v3
  EnvRunners:       8  ← asinhroni procesi
  BatchSize:        16384 koraka/iter
  RolloutFragment:  200 koraka/worker/slanje
  Cilj:             nagrada >= 200
  NormObs:          False
  lr:               0.0005
  num_sgd_iter:     1  ← SGD prolaza/batchu
  clip_param:       0.4  ← PPO clipping
  vtrace:           True  ← RLlib APPO zahteva V-trace
  entropy_coeff:    0.01
  gae_lambda:       0.98
  grad_clip:        40
  min_sample/iter:  16384 koraka
  Ukupno koraka:    ~1065k (65 itera)
  GIF-ovi:          /home/ubuntu/master-rad/results/gifs/lunarlander
=================================================================

Iter |     Reward |   Steps/s |  Iter(s) |  Total(s)
------------------------------------------------------------

  Snimam random agenta (pre treninga)...
  → nagrada=-262
   0 |    -175.62 |      7214 |      2.3 |         6
   1 |    -190.75 |      7893 |      2.1 |         8
   2 |    -189.67 |      7324 |      2.2 |        10
   3 |    -185.74 |      7755 |      2.1 |        13
   4 |    -183.90 |      7581 |      2.2 |        15
   5 |    -181.51 |      7581 |      2.2 |        17
   6 |    -184.29 |      7643 |      2.1 |        19
   7 |    -178.11 |      7582 |      2.2 |        21
   8 |    -182.06 |      8015 |      2.0 |        23
   9 |    -166.40 |      7671 |      2.1 |        25
  10 |    -194.83 |      7628 |      2.2 |        27
  11 |    -179.56 |      7757 |      2.1 |        30
  12 |    -160.19 |      7893 |      2.1 |        32
  13 |    -187.03 |      7729 |      2.1 |        34
  14 |    -215.42 |      7595 |      2.2 |        36
  [UPOZORENJE] MeanStdFilter nije pronađen — obs se šalju nenormalizovane.
  [Evolution] Iter 15 | nagrada≈-587
  15 |    -241.45 |      8055 |      2.0 |        39
  16 |    -217.78 |      7781 |      2.1 |        41
  17 |    -263.02 |      7962 |      2.1 |        43
  18 |    -264.04 |      7854 |      2.1 |        45
  19 |    -256.44 |      7989 |      2.1 |        47
  20 |    -273.63 |      7711 |      2.2 |        50
  21 |    -302.41 |      7670 |      2.1 |        52
  22 |    -256.67 |      7503 |      2.2 |        54
  23 |    -254.65 |      7425 |      2.2 |        56
  24 |    -263.35 |      7785 |      2.1 |        58
  25 |    -274.40 |      7593 |      2.2 |        60
  26 |    -256.45 |      8018 |      2.1 |        62
  27 |    -259.79 |      7300 |      2.2 |        65
  28 |    -246.59 |      7454 |      2.2 |        67
  29 |    -207.88 |      7797 |      2.1 |        69
  [Evolution] Iter 30 | nagrada≈-690
  30 |    -203.44 |      7898 |      2.1 |        72
  31 |    -195.12 |      7534 |      2.2 |        74
  32 |    -183.20 |      7719 |      2.1 |        76
  33 |    -188.12 |      7208 |      2.3 |        79
  34 |    -206.92 |      7818 |      2.1 |        81
  35 |    -207.99 |      7642 |      2.1 |        83
  36 |    -209.10 |      7658 |      2.1 |        85
  37 |    -197.43 |      7565 |      2.2 |        87
  38 |    -180.14 |      7054 |      2.3 |        89
  39 |    -180.30 |      7402 |      2.2 |        92
  40 |    -186.86 |      7801 |      2.1 |        94
  41 |    -174.96 |      7645 |      2.1 |        96
  42 |    -178.08 |      7570 |      2.2 |        98
  43 |    -199.40 |      7213 |      2.3 |       100
  44 |    -212.91 |      7545 |      2.2 |       103
  [Evolution] Iter 45 | nagrada≈-550
  45 |    -218.29 |      7862 |      2.1 |       106
  46 |    -242.83 |      7507 |      2.2 |       108
  47 |    -226.21 |      7459 |      2.2 |       110
  48 |    -204.10 |      7521 |      2.2 |       112
  49 |    -187.04 |      7671 |      2.1 |       114
  50 |    -168.03 |      7582 |      2.2 |       117
  51 |    -186.78 |      6868 |      2.4 |       119
  52 |    -200.84 |      7681 |      2.1 |       121
  53 |    -238.93 |      7443 |      2.2 |       123
  54 |    -275.13 |      7559 |      2.2 |       125
  55 |    -310.18 |      7501 |      2.2 |       128
  56 |    -329.02 |      7571 |      2.2 |       130
  57 |    -327.59 |      7602 |      2.2 |       132
  58 |    -318.49 |      7285 |      2.3 |       134
  59 |    -317.88 |      7032 |      2.3 |       137
  [Evolution] Iter 60 | nagrada≈-673
  60 |    -320.01 |      7635 |      2.1 |       140
  61 |    -307.45 |      7520 |      2.2 |       142
  62 |    -280.26 |      6731 |      2.4 |       144
  63 |    -237.71 |      7396 |      2.2 |       147
  64 |    -217.27 |      7398 |      2.2 |       149

  Checkpoint sačuvan: /home/ubuntu/master-rad/results/checkpoints/appo_lunarlander_w8

  Generiše GIF-ove → /home/ubuntu/master-rad/results/gifs/lunarlander
    Naučen agent (APPO w=8): nagrada=-357
  GIF: /home/ubuntu/master-rad/results/gifs/lunarlander/appo_w8_trained.gif  (53 frejmova, 123 KB)
  GIF: /home/ubuntu/master-rad/results/gifs/lunarlander/appo_w8_evolution.gif  (566 frejmova, 939 KB)

Prosečni throughput: 7582 koraka/sec
Metrike: /home/ubuntu/master-rad/results/appo_LunarLander-v3_w8.json

>>> Evaluacija (10 epizoda) | appo_w8

============================================================
  Evaluacija agenta (Policy inference, bez Ray workera)
  Checkpoint:  /home/ubuntu/master-rad/results/checkpoints/appo_lunarlander_w8
  Env:         LunarLander-v3
  Epizode:     10
============================================================

 Epizoda |    Nagrada
----------------------
       1 |    -401.48
       2 |    -531.26
       3 |    -829.21
       4 |    -688.81
       5 |    -830.85
       6 |    -549.20
       7 |    -536.55
       8 |    -651.68
       9 |    -427.23
      10 |    -414.00

────────────────────────────────────────
  Prosek:  -586.03  ±  151.53  (std)
  Min:     -830.85
  Max:     -401.48
────────────────────────────────────────

  GIF: /home/ubuntu/master-rad/results/gifs/lunarlander/appo_w8_best.gif  (50 frejmova, 118 KB)
  Best epizoda (-401) sačuvana: /home/ubuntu/master-rad/results/gifs/lunarlander/appo_w8_best.gif
  appo_w8: mean=-586.03 ± 151.53

>>> APPO | env_runners=16 | LunarLander-v3
Lokalni Ray klaster podignut.

=================================================================
  Ray RLlib APPO  (async PPO)
  Env:              LunarLander-v3
  EnvRunners:       16  ← asinhroni procesi
  BatchSize:        16384 koraka/iter
  RolloutFragment:  200 koraka/worker/slanje
  Cilj:             nagrada >= 200
  NormObs:          False
  lr:               0.0005
  num_sgd_iter:     1  ← SGD prolaza/batchu
  clip_param:       0.4  ← PPO clipping
  vtrace:           True  ← RLlib APPO zahteva V-trace
  entropy_coeff:    0.01
  gae_lambda:       0.98
  grad_clip:        40
  min_sample/iter:  16384 koraka
  Ukupno koraka:    ~1065k (65 itera)
  GIF-ovi:          /home/ubuntu/master-rad/results/gifs/lunarlander
=================================================================

Iter |     Reward |   Steps/s |  Iter(s) |  Total(s)
------------------------------------------------------------

  Snimam random agenta (pre treninga)...
  → nagrada=12
   0 |    -182.59 |      8313 |      2.0 |         8
   1 |    -182.04 |      9022 |      1.8 |         9
   2 |    -180.01 |      9049 |      1.8 |        11
   3 |    -167.41 |      9084 |      1.8 |        13
   4 |    -176.96 |      9025 |      1.8 |        15
   5 |    -154.11 |      9191 |      1.8 |        17
   6 |    -150.63 |      9138 |      1.8 |        18
   7 |    -156.05 |      9262 |      1.8 |        20
   8 |    -156.64 |      9400 |      1.7 |        22
   9 |    -161.36 |      9147 |      1.8 |        24
  10 |    -157.45 |      9242 |      1.8 |        25
  11 |    -161.86 |      9317 |      1.8 |        27
  12 |    -175.97 |      9348 |      1.8 |        29
  13 |    -179.62 |      9314 |      1.8 |        31
  14 |    -182.25 |      9322 |      1.8 |        33
  [UPOZORENJE] MeanStdFilter nije pronađen — obs se šalju nenormalizovane.
  [Evolution] Iter 15 | nagrada≈-479
  15 |    -196.67 |     10459 |      1.8 |        35
  16 |    -192.30 |      8422 |      1.9 |        37
  17 |    -219.21 |      9336 |      1.8 |        39
  18 |    -251.54 |      9950 |      1.6 |        41
  19 |    -262.99 |      9029 |      1.8 |        42
  20 |    -334.94 |      9485 |      1.7 |        44
  21 |    -359.83 |      9459 |      1.7 |        46
  22 |    -425.88 |      9527 |      1.7 |        48
  23 |    -392.71 |      9408 |      1.7 |        49
  24 |    -417.67 |      9586 |      1.7 |        51
  25 |    -427.88 |      9327 |      1.8 |        53
  26 |    -456.59 |      9535 |      1.7 |        55
  27 |    -471.35 |      9482 |      1.7 |        56
  28 |    -493.16 |      9497 |      1.7 |        58
  29 |    -514.33 |      9532 |      1.7 |        60
  [Evolution] Iter 30 | nagrada≈-512
  30 |    -503.68 |      9625 |      1.7 |        62
  31 |    -515.47 |      9503 |      1.7 |        64
  32 |    -454.11 |      9468 |      1.7 |        66
  33 |    -429.16 |      9437 |      1.7 |        67
  34 |    -425.89 |      9657 |      1.7 |        69
  35 |    -356.42 |      9266 |      1.8 |        71
  36 |    -311.59 |      9471 |      1.7 |        73
  37 |    -301.03 |      9337 |      1.8 |        74
  38 |    -248.04 |      9380 |      1.7 |        76
  39 |    -216.41 |      9249 |      1.8 |        78
  40 |    -191.13 |      8312 |      2.0 |        80
  41 |    -195.13 |      9284 |      1.8 |        82
  42 |    -186.90 |     10071 |      1.6 |        83
  43 |    -169.44 |      8225 |      2.0 |        85
  44 |    -160.52 |      9196 |      1.8 |        87
  [Evolution] Iter 45 | nagrada≈-551
  45 |    -192.65 |      9649 |      1.7 |        90
  46 |    -195.60 |      8922 |      1.8 |        92
  47 |    -225.97 |      9140 |      1.8 |        93
  48 |    -222.27 |      9163 |      1.8 |        95
  49 |    -234.51 |      9539 |      1.7 |        97
  50 |    -240.04 |      8628 |      1.9 |        99
  51 |    -229.33 |      8806 |      1.9 |       101
  52 |    -215.12 |      9697 |      1.8 |       102
  53 |    -175.62 |      8316 |      2.0 |       104
  54 |    -164.95 |      8596 |      1.9 |       106
  55 |    -181.83 |      8902 |      1.9 |       108
  56 |    -231.64 |      8818 |      1.9 |       110
  57 |    -292.17 |      9164 |      1.8 |       112
  58 |    -336.00 |      8879 |      1.9 |       114
  59 |    -380.28 |      8893 |      1.9 |       116
  [Evolution] Iter 60 | nagrada≈-569
  60 |    -433.78 |      9325 |      1.8 |       118
  61 |    -445.65 |      8911 |      1.9 |       120
  62 |    -452.88 |      8831 |      1.9 |       122
  63 |    -465.69 |      8723 |      1.9 |       124
  64 |    -494.49 |      8746 |      1.9 |       126

  Checkpoint sačuvan: /home/ubuntu/master-rad/results/checkpoints/appo_lunarlander_w16

  Generiše GIF-ove → /home/ubuntu/master-rad/results/gifs/lunarlander
    Naučen agent (APPO w=16): nagrada=-577
  GIF: /home/ubuntu/master-rad/results/gifs/lunarlander/appo_w16_trained.gif  (69 frejmova, 148 KB)
  GIF: /home/ubuntu/master-rad/results/gifs/lunarlander/appo_w16_evolution.gif  (551 frejmova, 1007 KB)

Prosečni throughput: 9205 koraka/sec
Metrike: /home/ubuntu/master-rad/results/appo_LunarLander-v3_w16.json

>>> Evaluacija (10 epizoda) | appo_w16

============================================================
  Evaluacija agenta (Policy inference, bez Ray workera)
  Checkpoint:  /home/ubuntu/master-rad/results/checkpoints/appo_lunarlander_w16
  Env:         LunarLander-v3
  Epizode:     10
============================================================

 Epizoda |    Nagrada
----------------------
       1 |    -440.41
       2 |    -510.83
       3 |    -762.65
       4 |    -536.97
       5 |    -905.03
       6 |    -524.11
       7 |    -293.34
       8 |    -792.44
       9 |    -830.91
      10 |    -813.86

────────────────────────────────────────
  Prosek:  -641.06  ±  193.89  (std)
  Min:     -905.03
  Max:     -293.34
────────────────────────────────────────

  GIF: /home/ubuntu/master-rad/results/gifs/lunarlander/appo_w16_best.gif  (51 frejmova, 119 KB)
  Best epizoda (-293) sačuvana: /home/ubuntu/master-rad/results/gifs/lunarlander/appo_w16_best.gif
  appo_w16: mean=-641.05 ± 193.89

>>> DQN | env_runners=1 | LunarLander-v3
Lokalni Ray klaster podignut.

=================================================================
  Ray RLlib DQN  (off-policy, diskretne akcije)
  Env:              LunarLander-v3
  EnvRunners:       1  ← data kolektori
  TrainFreq:        4 koraka/worker/fragment  (SB3: train_freq)
  StepsPerIter:     ~1000 (RLlib min_sample=1000)
  BatchSize:        128  (SB3: batch_size)
  BufferSize:       50000
  LearningStarts:   0 koraka
  Epsilon:          1.0 → 0.1 za 12000 koraka
  TargetUpdate:     svaka 250 grad. koraka
  n_step:           1
  Ukupno koraka:    ~100k (100 itera)
  Cilj:             nagrada >= 200
  lr:               0.00063
  gamma:            0.99
  net_arch:         [256, 256]
  double_q:         True
  dueling:          False
  Štampanje:        svaka 5. iteracija
  GIF-ovi:          /home/ubuntu/master-rad/results/gifs/lunarlander
=================================================================

  Iter |    Steps |     Reward |   Steps/s |  Total(s)
--------------------------------------------------------------

  Snimam random agenta (pre treninga)...
  → nagrada=-393
     1 |     1000 |    -197.13 |        98 |        13
     5 |     5000 |    -120.71 |        98 |        54
    10 |    10000 |     -94.96 |        99 |       104
    15 |    15000 |     -79.60 |        98 |       155
    20 |    20000 |     -70.03 |        98 |       207
    25 |    25000 |     -46.55 |        98 |       258
  [UPOZORENJE] MeanStdFilter nije pronađen — obs se šalju nenormalizovane.
  [Evolution] Iter 25 | nagrada≈-63
    30 |    30000 |     -29.07 |        98 |       310
    35 |    35000 |      -7.99 |        98 |       361
    40 |    40000 |      18.85 |        98 |       413
    45 |    45000 |      55.59 |        97 |       465
    50 |    50000 |      97.83 |        94 |       517
  [Evolution] Iter 50 | nagrada≈46
    55 |    55000 |     141.78 |        93 |       570
    60 |    60000 |     176.82 |        96 |       622
    65 |    65000 |     194.77 |        96 |       674

  Ciljna nagrada 200 dostignuta za 696s!

  Checkpoint sačuvan: /home/ubuntu/master-rad/results/checkpoints/dqn_lunarlander_w1

  Generiše GIF-ove → /home/ubuntu/master-rad/results/gifs/lunarlander
    Naučen agent (DQN w=1): nagrada=245
  GIF: /home/ubuntu/master-rad/results/gifs/lunarlander/dqn_w1_trained.gif  (340 frejmova, 611 KB)
  GIF: /home/ubuntu/master-rad/results/gifs/lunarlander/dqn_w1_evolution.gif  (1568 frejmova, 3160 KB)

Ukupno prikupljenih koraka: 67,000
Prosečni throughput: 97 koraka/sec
Metrike: /home/ubuntu/master-rad/results/dqn_LunarLander-v3_w1.json

>>> Evaluacija (10 epizoda) | dqn_w1

============================================================
  Evaluacija agenta (Policy inference, bez Ray workera)
  Checkpoint:  /home/ubuntu/master-rad/results/checkpoints/dqn_lunarlander_w1
  Env:         LunarLander-v3
  Epizode:     10
============================================================

 Epizoda |    Nagrada
----------------------
       1 |     243.11
       2 |     249.45
       3 |      20.70
       4 |      15.71
       5 |     234.12
       6 |     270.91
       7 |     262.46
       8 |     168.03
       9 |     271.51
      10 |     250.20

────────────────────────────────────────
  Prosek:  198.62  ±  94.42  (std)
  Min:     15.71
  Max:     271.51
────────────────────────────────────────

  GIF: /home/ubuntu/master-rad/results/gifs/lunarlander/dqn_w1_best.gif  (198 frejmova, 357 KB)
  Best epizoda (272) sačuvana: /home/ubuntu/master-rad/results/gifs/lunarlander/dqn_w1_best.gif
  dqn_w1: mean=198.62 ± 94.42

>>> DQN | env_runners=2 | LunarLander-v3
Lokalni Ray klaster podignut.

=================================================================
  Ray RLlib DQN  (off-policy, diskretne akcije)
  Env:              LunarLander-v3
  EnvRunners:       2  ← data kolektori
  TrainFreq:        4 koraka/worker/fragment  (SB3: train_freq)
  StepsPerIter:     ~1000 (RLlib min_sample=1000)
  BatchSize:        128  (SB3: batch_size)
  BufferSize:       50000
  LearningStarts:   0 koraka
  Epsilon:          1.0 → 0.1 za 12000 koraka
  TargetUpdate:     svaka 250 grad. koraka
  n_step:           1
  Ukupno koraka:    ~100k (100 itera)
  Cilj:             nagrada >= 200
  lr:               0.00063
  gamma:            0.99
  net_arch:         [256, 256]
  double_q:         True
  dueling:          False
  Štampanje:        svaka 5. iteracija
  GIF-ovi:          /home/ubuntu/master-rad/results/gifs/lunarlander
=================================================================

  Iter |    Steps |     Reward |   Steps/s |  Total(s)
--------------------------------------------------------------

  Snimam random agenta (pre treninga)...
  → nagrada=-131
     1 |     1000 |    -162.30 |       180 |         9
     5 |     5000 |    -106.67 |       191 |        30
    10 |    10000 |     -84.86 |       187 |        57
    15 |    15000 |     -61.63 |       186 |        84
    20 |    20000 |     -71.09 |       186 |       111
    25 |    25000 |     -43.33 |       178 |       139
  [UPOZORENJE] MeanStdFilter nije pronađen — obs se šalju nenormalizovane.
  [Evolution] Iter 25 | nagrada≈63
    30 |    30000 |     -32.10 |       176 |       169
    35 |    35000 |     -10.68 |       186 |       195
    40 |    40000 |      21.48 |       186 |       222
    45 |    45000 |      46.77 |       186 |       250
    50 |    50000 |      70.66 |       186 |       277
  [Evolution] Iter 50 | nagrada≈3
    55 |    55000 |      86.24 |       184 |       305
    60 |    60000 |     105.17 |       183 |       332
    65 |    65000 |     121.91 |       183 |       360
    70 |    70000 |     145.21 |       184 |       387
    75 |    75000 |     156.56 |       183 |       415
  [Evolution] Iter 75 | nagrada≈178
    80 |    80000 |     179.93 |       184 |       445
    85 |    85000 |     187.51 |       183 |       473
    90 |    90000 |     199.03 |       184 |       500
    95 |    95000 |     185.16 |       184 |       528
   100 |   100000 |     181.46 |       183 |       556
  [Evolution] Iter 100 | nagrada≈-22

  Checkpoint sačuvan: /home/ubuntu/master-rad/results/checkpoints/dqn_lunarlander_w2

  Generiše GIF-ove → /home/ubuntu/master-rad/results/gifs/lunarlander
    Naučen agent (DQN w=2): nagrada=8
  GIF: /home/ubuntu/master-rad/results/gifs/lunarlander/dqn_w2_trained.gif  (1000 frejmova, 1875 KB)
  GIF: /home/ubuntu/master-rad/results/gifs/lunarlander/dqn_w2_evolution.gif  (4300 frejmova, 8874 KB)

Ukupno prikupljenih koraka: 100,000
Prosečni throughput: 183 koraka/sec
Metrike: /home/ubuntu/master-rad/results/dqn_LunarLander-v3_w2.json

>>> Evaluacija (10 epizoda) | dqn_w2

============================================================
  Evaluacija agenta (Policy inference, bez Ray workera)
  Checkpoint:  /home/ubuntu/master-rad/results/checkpoints/dqn_lunarlander_w2
  Env:         LunarLander-v3
  Epizode:     10
============================================================

 Epizoda |    Nagrada
----------------------
       1 |      54.65
       2 |      57.20
       3 |      69.41
       4 |      86.74
       5 |      54.45
       6 |      82.87
       7 |      65.40
       8 |     112.35
       9 |      42.11
      10 |      64.31

────────────────────────────────────────
  Prosek:  68.95  ±  19.24  (std)
  Min:     42.11
  Max:     112.35
────────────────────────────────────────

  GIF: /home/ubuntu/master-rad/results/gifs/lunarlander/dqn_w2_best.gif  (500 frejmova, 1010 KB)
  Best epizoda (112) sačuvana: /home/ubuntu/master-rad/results/gifs/lunarlander/dqn_w2_best.gif
  dqn_w2: mean=68.95 ± 19.24

>>> DQN | env_runners=4 | LunarLander-v3
Lokalni Ray klaster podignut.

=================================================================
  Ray RLlib DQN  (off-policy, diskretne akcije)
  Env:              LunarLander-v3
  EnvRunners:       4  ← data kolektori
  TrainFreq:        4 koraka/worker/fragment  (SB3: train_freq)
  StepsPerIter:     ~1000 (RLlib min_sample=1000)
  BatchSize:        128  (SB3: batch_size)
  BufferSize:       50000
  LearningStarts:   0 koraka
  Epsilon:          1.0 → 0.1 za 12000 koraka
  TargetUpdate:     svaka 250 grad. koraka
  n_step:           1
  Ukupno koraka:    ~100k (100 itera)
  Cilj:             nagrada >= 200
  lr:               0.00063
  gamma:            0.99
  net_arch:         [256, 256]
  double_q:         True
  dueling:          False
  Štampanje:        svaka 5. iteracija
  GIF-ovi:          /home/ubuntu/master-rad/results/gifs/lunarlander
=================================================================

  Iter |    Steps |     Reward |   Steps/s |  Total(s)
--------------------------------------------------------------

  Snimam random agenta (pre treninga)...
  → nagrada=-225
     1 |     1008 |    -123.52 |       347 |         6
     5 |     5040 |    -122.20 |       342 |        18
    10 |    10080 |    -108.61 |       340 |        34
    15 |    15120 |     -89.22 |       333 |        49
    20 |    20160 |     -75.59 |       342 |        64
    25 |    25200 |     -72.87 |       342 |        79
  [UPOZORENJE] MeanStdFilter nije pronađen — obs se šalju nenormalizovane.
  [Evolution] Iter 25 | nagrada≈-23
    30 |    30240 |     -70.57 |       311 |        97
    35 |    35280 |     -69.00 |       342 |       112
    40 |    40320 |     -68.06 |       338 |       126
    45 |    45360 |     -65.91 |       339 |       141
    50 |    50400 |     -55.78 |       338 |       156
  [Evolution] Iter 50 | nagrada≈48
    55 |    55440 |     -43.91 |       332 |       174
    60 |    60480 |     -24.45 |       327 |       190
    65 |    65520 |      -2.68 |       332 |       205
    70 |    70560 |       6.50 |       331 |       221
    75 |    75600 |      13.25 |       328 |       236
  [Evolution] Iter 75 | nagrada≈138
    80 |    80640 |      42.10 |       326 |       254
    85 |    85680 |      54.85 |       330 |       270
    90 |    90720 |      74.51 |       330 |       285
    95 |    95760 |      92.48 |       322 |       300
   100 |   100800 |     113.92 |       331 |       316
  [Evolution] Iter 100 | nagrada≈165

  Checkpoint sačuvan: /home/ubuntu/master-rad/results/checkpoints/dqn_lunarlander_w4

  Generiše GIF-ove → /home/ubuntu/master-rad/results/gifs/lunarlander
    Naučen agent (DQN w=4): nagrada=235
  GIF: /home/ubuntu/master-rad/results/gifs/lunarlander/dqn_w4_trained.gif  (301 frejmova, 551 KB)
  GIF: /home/ubuntu/master-rad/results/gifs/lunarlander/dqn_w4_evolution.gif  (5189 frejmova, 10734 KB)

Ukupno prikupljenih koraka: 100,800
Prosečni throughput: 333 koraka/sec
Metrike: /home/ubuntu/master-rad/results/dqn_LunarLander-v3_w4.json

>>> Evaluacija (10 epizoda) | dqn_w4

============================================================
  Evaluacija agenta (Policy inference, bez Ray workera)
  Checkpoint:  /home/ubuntu/master-rad/results/checkpoints/dqn_lunarlander_w4
  Env:         LunarLander-v3
  Epizode:     10
============================================================

 Epizoda |    Nagrada
----------------------
       1 |     156.94
       2 |     136.77
       3 |     205.75
       4 |     132.75
       5 |    -143.57
       6 |      76.28
       7 |     -56.76
       8 |     132.48
       9 |      29.94
      10 |     -18.13

────────────────────────────────────────
  Prosek:  65.24  ±  104.48  (std)
  Min:     -143.57
  Max:     205.75
────────────────────────────────────────

  GIF: /home/ubuntu/master-rad/results/gifs/lunarlander/dqn_w4_best.gif  (394 frejmova, 700 KB)
  Best epizoda (206) sačuvana: /home/ubuntu/master-rad/results/gifs/lunarlander/dqn_w4_best.gif
  dqn_w4: mean=65.24 ± 104.48

>>> DQN | env_runners=8 | LunarLander-v3
Lokalni Ray klaster podignut.

=================================================================
  Ray RLlib DQN  (off-policy, diskretne akcije)
  Env:              LunarLander-v3
  EnvRunners:       8  ← data kolektori
  TrainFreq:        4 koraka/worker/fragment  (SB3: train_freq)
  StepsPerIter:     ~1000 (RLlib min_sample=1000)
  BatchSize:        128  (SB3: batch_size)
  BufferSize:       50000
  LearningStarts:   0 koraka
  Epsilon:          1.0 → 0.1 za 12000 koraka
  TargetUpdate:     svaka 250 grad. koraka
  n_step:           1
  Ukupno koraka:    ~100k (100 itera)
  Cilj:             nagrada >= 200
  lr:               0.00063
  gamma:            0.99
  net_arch:         [256, 256]
  double_q:         True
  dueling:          False
  Štampanje:        svaka 5. iteracija
  GIF-ovi:          /home/ubuntu/master-rad/results/gifs/lunarlander
=================================================================

  Iter |    Steps |     Reward |   Steps/s |  Total(s)
--------------------------------------------------------------

  Snimam random agenta (pre treninga)...
  → nagrada=-324
     1 |     1024 |    -239.59 |       581 |         6
     5 |     5120 |    -126.27 |       430 |        13
    10 |    10240 |    -107.51 |       575 |        22
    15 |    15360 |    -107.86 |       573 |        31
    20 |    20480 |     -84.33 |       565 |        40
    25 |    25600 |     -65.75 |       570 |        49
  [UPOZORENJE] MeanStdFilter nije pronađen — obs se šalju nenormalizovane.
  [Evolution] Iter 25 | nagrada≈-40
    30 |    30720 |     -50.36 |       572 |        59
    35 |    35840 |     -45.35 |       495 |        68
    40 |    40960 |     -38.82 |       577 |        77
    45 |    46080 |     -27.09 |       571 |        86
    50 |    51200 |     -24.52 |       475 |        96
  [Evolution] Iter 50 | nagrada≈-43
    55 |    56320 |     -17.96 |       556 |       108
    60 |    61440 |     -12.14 |       564 |       117
    65 |    66560 |      -8.83 |       563 |       126
    70 |    71680 |      -2.48 |       557 |       135
    75 |    76800 |      13.18 |       563 |       144
  [Evolution] Iter 75 | nagrada≈-93
    80 |    81920 |      16.55 |       566 |       156
    85 |    87040 |      23.02 |       567 |       165
    90 |    92160 |      25.59 |       562 |       175
    95 |    97280 |      32.00 |       564 |       184
   100 |   102400 |      31.89 |       556 |       193
  [Evolution] Iter 100 | nagrada≈162

  Checkpoint sačuvan: /home/ubuntu/master-rad/results/checkpoints/dqn_lunarlander_w8

  Generiše GIF-ove → /home/ubuntu/master-rad/results/gifs/lunarlander
    Naučen agent (DQN w=8): nagrada=183
  GIF: /home/ubuntu/master-rad/results/gifs/lunarlander/dqn_w8_trained.gif  (706 frejmova, 1312 KB)
  GIF: /home/ubuntu/master-rad/results/gifs/lunarlander/dqn_w8_evolution.gif  (4190 frejmova, 9248 KB)

Ukupno prikupljenih koraka: 102,400
Prosečni throughput: 562 koraka/sec
Metrike: /home/ubuntu/master-rad/results/dqn_LunarLander-v3_w8.json

>>> Evaluacija (10 epizoda) | dqn_w8

============================================================
  Evaluacija agenta (Policy inference, bez Ray workera)
  Checkpoint:  /home/ubuntu/master-rad/results/checkpoints/dqn_lunarlander_w8
  Env:         LunarLander-v3
  Epizode:     10
============================================================

 Epizoda |    Nagrada
----------------------
       1 |      23.33
       2 |     239.01
       3 |      60.15
       4 |      34.02
       5 |      33.25
       6 |      83.76
       7 |      65.58
       8 |     263.44
       9 |     231.22
      10 |      13.34

────────────────────────────────────────
  Prosek:  104.71  ±  93.95  (std)
  Min:     13.34
  Max:     263.44
────────────────────────────────────────

  GIF: /home/ubuntu/master-rad/results/gifs/lunarlander/dqn_w8_best.gif  (489 frejmova, 968 KB)
  Best epizoda (263) sačuvana: /home/ubuntu/master-rad/results/gifs/lunarlander/dqn_w8_best.gif
  dqn_w8: mean=104.71 ± 93.95

>>> DQN | env_runners=16 | LunarLander-v3
Lokalni Ray klaster podignut.

=================================================================
  Ray RLlib DQN  (off-policy, diskretne akcije)
  Env:              LunarLander-v3
  EnvRunners:       16  ← data kolektori
  TrainFreq:        4 koraka/worker/fragment  (SB3: train_freq)
  StepsPerIter:     ~1000 (RLlib min_sample=1000)
  BatchSize:        128  (SB3: batch_size)
  BufferSize:       50000
  LearningStarts:   0 koraka
  Epsilon:          1.0 → 0.1 za 12000 koraka
  TargetUpdate:     svaka 250 grad. koraka
  n_step:           1
  Ukupno koraka:    ~100k (100 itera)
  Cilj:             nagrada >= 200
  lr:               0.00063
  gamma:            0.99
  net_arch:         [256, 256]
  double_q:         True
  dueling:          False
  Štampanje:        svaka 5. iteracija
  GIF-ovi:          /home/ubuntu/master-rad/results/gifs/lunarlander
=================================================================

  Iter |    Steps |     Reward |   Steps/s |  Total(s)
--------------------------------------------------------------

  Snimam random agenta (pre treninga)...
  → nagrada=-506
     1 |     1024 |       0.00 |       863 |         7
     5 |     5120 |    -137.74 |       881 |        11
    10 |    10240 |    -100.14 |       883 |        17
    15 |    15360 |     -96.05 |       884 |        23
    20 |    20480 |     -87.78 |       872 |        29
    25 |    25600 |     -65.58 |       867 |        35
  [UPOZORENJE] MeanStdFilter nije pronađen — obs se šalju nenormalizovane.
  [Evolution] Iter 25 | nagrada≈-54
    30 |    30720 |     -41.40 |       874 |        42
    35 |    35840 |       1.09 |       866 |        48
    40 |    40960 |      13.56 |       861 |        54
    45 |    46080 |      23.66 |       873 |        60
    50 |    51200 |      53.72 |       862 |        66
  [Evolution] Iter 50 | nagrada≈257
    55 |    56320 |      63.17 |       858 |        73
    60 |    61440 |      75.02 |       860 |        79
    65 |    66560 |      85.36 |       662 |        85
    70 |    71680 |      92.03 |       865 |        91
    75 |    76800 |      96.72 |       852 |        97
  [Evolution] Iter 75 | nagrada≈-29
    80 |    81920 |      91.50 |       857 |       106
    85 |    87040 |      89.31 |       848 |       112
    90 |    92160 |      76.66 |       858 |       118
    95 |    97280 |      87.22 |       857 |       124
   100 |   102400 |      74.73 |       854 |       130
  [Evolution] Iter 100 | nagrada≈245

  Checkpoint sačuvan: /home/ubuntu/master-rad/results/checkpoints/dqn_lunarlander_w16

  Generiše GIF-ove → /home/ubuntu/master-rad/results/gifs/lunarlander
    Naučen agent (DQN w=16): nagrada=-33
  GIF: /home/ubuntu/master-rad/results/gifs/lunarlander/dqn_w16_trained.gif  (1000 frejmova, 1965 KB)
  GIF: /home/ubuntu/master-rad/results/gifs/lunarlander/dqn_w16_evolution.gif  (3083 frejmova, 6672 KB)

Ukupno prikupljenih koraka: 102,400
Prosečni throughput: 855 koraka/sec
Metrike: /home/ubuntu/master-rad/results/dqn_LunarLander-v3_w16.json

>>> Evaluacija (10 epizoda) | dqn_w16

============================================================
  Evaluacija agenta (Policy inference, bez Ray workera)
  Checkpoint:  /home/ubuntu/master-rad/results/checkpoints/dqn_lunarlander_w16
  Env:         LunarLander-v3
  Epizode:     10
============================================================

 Epizoda |    Nagrada
----------------------
       1 |      91.75
       2 |      85.37
       3 |      76.49
       4 |      50.67
       5 |      52.10
       6 |      40.49
       7 |      89.63
       8 |      20.34
       9 |      49.11
      10 |      50.30

────────────────────────────────────────
  Prosek:  60.63  ±  22.61  (std)
  Min:     20.34
  Max:     91.75
────────────────────────────────────────

  GIF: /home/ubuntu/master-rad/results/gifs/lunarlander/dqn_w16_best.gif  (500 frejmova, 1055 KB)
  Best epizoda (92) sačuvana: /home/ubuntu/master-rad/results/gifs/lunarlander/dqn_w16_best.gif
  dqn_w16: mean=60.62 ± 22.61

Summary: /home/ubuntu/master-rad/results/summary_lunarlander.json

  --- Rezultati: LunarLander-v3 ---
  Framework              Workers   Duration   Best Rwd   Steps/s      Eval mean±std
  ----------------------------------------------------------------------------------
  ray_rllib                    1    1180.8s      105.6       908   101.67 ± 113.40 
  ray_rllib                    2     714.3s      138.2      1505   198.27 ± 91.06  
  ray_rllib                    4     483.9s      116.2      2233   127.69 ± 55.24  
  ray_rllib                    8     368.0s      111.7      2953    53.91 ± 40.11  
  ray_rllib                   16     358.4s      127.2      3050   237.06 ± 34.79  
  appo                         1     917.8s     -128.3      1172  -119.40 ± 38.43  
  appo                         2     457.9s     -138.9      2372  -149.03 ± 28.24  
  appo                         4     241.3s     -128.7      4568  -131.13 ± 11.37  
  appo                         8     148.8s     -160.2      7582  -586.03 ± 151.53 
  appo                        16     126.0s     -150.6      9205  -641.05 ± 193.89 
  dqn                          1     695.6s      201.5        97   198.62 ± 94.42  
  dqn                          2     558.8s      199.0       183    68.95 ± 19.24  
  dqn                          4     318.4s      113.9       333    65.24 ± 104.48 
  dqn                          8     195.5s       34.7       562   104.71 ± 93.95  
  dqn                         16     131.3s       96.7       855    60.62 ± 22.61  

  Speedup PPO (baseline = w=1):
    w= 1: speedup=1.00x  efikasnost=1.00  thr_speedup=1.00x
    w= 2: speedup=1.65x  efikasnost=0.83  thr_speedup=1.66x
    w= 4: speedup=2.44x  efikasnost=0.61  thr_speedup=2.46x
    w= 8: speedup=3.21x  efikasnost=0.40  thr_speedup=3.25x
    w=16: speedup=3.29x  efikasnost=0.21  thr_speedup=3.36x

  Speedup APPO (baseline = w=1):
    w= 1: speedup=1.00x  efikasnost=1.00  thr_speedup=1.00x
    w= 2: speedup=2.00x  efikasnost=1.00  thr_speedup=2.02x
    w= 4: speedup=3.80x  efikasnost=0.95  thr_speedup=3.90x
    w= 8: speedup=6.17x  efikasnost=0.77  thr_speedup=6.47x
    w=16: speedup=7.28x  efikasnost=0.46  thr_speedup=7.86x

  Speedup DQN (baseline = w=1):
    w= 1: speedup=1.00x  efikasnost=1.00  thr_speedup=1.00x
    w= 2: speedup=1.24x  efikasnost=0.62  thr_speedup=1.89x
    w= 4: speedup=2.18x  efikasnost=0.55  thr_speedup=3.43x
    w= 8: speedup=3.56x  efikasnost=0.44  thr_speedup=5.80x
    w=16: speedup=5.30x  efikasnost=0.33  thr_speedup=8.81x

  [monitor] sažetak:
fajl:        /home/ubuntu/master-rad/results/monitor_lunarlander_ppo_appo_dqn_20260822_094655.csv
uzoraka:     3869
trajanje:    7738s
CPU mean:    14.4%
CPU max:     100.0%
RAM mean:    27.4%  (8.59 GB)
RAM max:     62.5%  (19.57 GB)
vCPU:        16
  [monitor] sažetak sačuvan: /home/ubuntu/master-rad/results/monitor_lunarlander_ppo_appo_dqn_20260822_094655.summary.txt
